src/module/user/component/address-section.tsx(32,40): error TS2353: Object literal may only specify known properties, and 'isDefault' does not exist in type 'Partial<AddressRequest>'.
